// Jest Snapshot v1, https://goo.gl/fbAQLP

exports[`Test Button Matches the snapshot 1`] = `
.c0 {
  background-color: #EF6F35;
  font-family: Montserrat;
  font-weight: 600;
  padding: 15px 30px;
  color: white;
  font-size: 14px;
  border: 0;
  border-radius: 3px;
  cursor: pointer;
  outline: none;
  -webkit-text-decoration: none;
  text-decoration: none;
  display: inline-block;
}

.c0:hover {
  opacity: 0.8;
}

.c0[disabled] {
  cursor: not-allowed;
  opacity: 0.7;
}

@media (max-width:600px) {
  .c0 {
    padding: 10px 15px;
  }
}

<Button>
  <Styled(styled.div)
    as="button"
  >
    <StyledComponent
      as="button"
      forwardedComponent={
        Object {
          "$$typeof": Symbol(react.forward_ref),
          "attrs": Array [],
          "componentStyle": ComponentStyle {
            "componentId": "sc-bwzfXH",
            "isStatic": false,
            "lastClassName": "c0",
            "rules": Array [
              "
  ",
              [Function],
              "
",
              "
  background-color: ",
              "#EF6F35",
              ";
  font-family: ",
              "Montserrat",
              ";
  font-weight: 600;
  padding: 15px 30px;
  color: white;
  font-size: 14px;
  border: 0;
  border-radius: 3px;
  cursor: pointer;
  outline: none;
  text-decoration: none;
  display: inline-block;
  &:hover {
    opacity: 0.8;
  }
  &[disabled] {
    cursor: not-allowed;
    opacity: 0.7;
  }

  ",
              "@media (max-width: 600px)",
              " {
    padding: 10px 15px;
  }
",
            ],
          },
          "displayName": "Styled(styled.div)",
          "foldedComponentIds": Array [
            "sc-bdVaJa",
          ],
          "render": [Function],
          "styledComponentId": "sc-bwzfXH",
          "target": "div",
          "toString": [Function],
          "warnTooManyClasses": [Function],
          "withComponent": [Function],
        }
      }
      forwardedRef={null}
    >
      <button
        className="c0"
      >
        button
      </button>
    </StyledComponent>
  </Styled(styled.div)>
</Button>
`;
