// Jest Snapshot v1, https://goo.gl/fbAQLP

exports[`Test Row Matches the snapshot 1`] = `
.c0 {
  display: grid;
  grid-template-columns: repeat(12,1fr);
  grid-column-gap: 20px;
  padding-left: calc((100vw - 1920px) / 2 + 120px);
  padding-right: calc((100vw - 1920px) / 2 + 120px);
}

@media (max-width:1920px) {
  .c0 {
    padding-left: 120px;
    padding-right: 120px;
  }
}

@media (max-width:1441px) {
  .c0 {
    padding-left: 80px;
    padding-right: 80px;
  }
}

@media (max-width:769px) {
  .c0 {
    padding-left: 40px;
    padding-right: 40px;
    grid-template-columns: repeat(6,1fr);
  }
}

@media (max-width:600px) {
  .c0 {
    padding-left: 20px;
    padding-right: 20px;
    grid-template-columns: repeat(2,1fr);
  }
}

<Styled(styled.div)>
  <StyledComponent
    forwardedComponent={
      Object {
        "$$typeof": Symbol(react.forward_ref),
        "attrs": Array [],
        "componentStyle": ComponentStyle {
          "componentId": "sc-bwzfXH",
          "isStatic": false,
          "lastClassName": "c0",
          "rules": Array [
            "
  ",
            [Function],
            "
",
            "
  display: grid;
  grid-template-columns: repeat(12, 1fr);
  grid-column-gap: 20px;
  padding-left: calc((100vw - 1920px) / 2 + 120px);
  padding-right: calc((100vw - 1920px) / 2 + 120px);

  ",
            "@media (max-width: 1920px)",
            " {
    padding-left: 120px;
    padding-right: 120px;
  }
  ",
            "@media (max-width: 1441px)",
            " {
    padding-left: 80px;
    padding-right: 80px;
  }

  ",
            "@media (max-width: 769px)",
            " {
    padding-left: 40px;
    padding-right: 40px;
    grid-template-columns: repeat(6, 1fr);
  }

  ",
            "@media (max-width: 600px)",
            " {
    padding-left: 20px;
    padding-right: 20px;
    grid-template-columns: repeat(2, 1fr);
  }
",
          ],
        },
        "displayName": "Styled(styled.div)",
        "foldedComponentIds": Array [
          "sc-bdVaJa",
        ],
        "render": [Function],
        "styledComponentId": "sc-bwzfXH",
        "target": "div",
        "toString": [Function],
        "warnTooManyClasses": [Function],
        "withComponent": [Function],
      }
    }
    forwardedRef={null}
  >
    <div
      className="c0"
    >
      <div>
        content
      </div>
    </div>
  </StyledComponent>
</Styled(styled.div)>
`;
