// Jest Snapshot v1, https://goo.gl/fbAQLP

exports[`Test Circle Matches the snapshot 1`] = `
.c0 {
  width: 3px;
  color: black;
  width: 3px;
  height: 3px;
  display: inline-block;
  border: 1px solid black;
  background-color: black;
  border-radius: 50%;
}

<Styled(styled.div)
  color="black"
  width="3px"
>
  <StyledComponent
    color="black"
    forwardedComponent={
      Object {
        "$$typeof": Symbol(react.forward_ref),
        "attrs": Array [],
        "componentStyle": ComponentStyle {
          "componentId": "sc-bwzfXH",
          "isStatic": false,
          "lastClassName": "c0",
          "rules": Array [
            "
  ",
            [Function],
            "
",
            "
  width: ",
            [Function],
            ";
  height: ",
            [Function],
            ";
  display: inline-block;
  border: 1px solid ",
            [Function],
            ";
  background-color: ",
            [Function],
            ";
  border-radius: 50%;
",
          ],
        },
        "displayName": "Styled(styled.div)",
        "foldedComponentIds": Array [
          "sc-bdVaJa",
        ],
        "render": [Function],
        "styledComponentId": "sc-bwzfXH",
        "target": "div",
        "toString": [Function],
        "warnTooManyClasses": [Function],
        "withComponent": [Function],
      }
    }
    forwardedRef={null}
    width="3px"
  >
    <div
      className="c0"
      color="black"
      width="3px"
    />
  </StyledComponent>
</Styled(styled.div)>
`;
