// Jest Snapshot v1, https://goo.gl/fbAQLP

exports[`Test H4 H4 Test 1`] = `
.c0 {
  font-family: Montserrat;
  color: #333333;
  font-size: 17px;
  line-height: 25px;
  font-weight: 600;
}

@media (max-width:769px) {
  .c0 {
    font-size: 15px;
    line-height: 21px;
  }
}

<H4>
  <Styled(styled.div)
    as="h4"
  >
    <StyledComponent
      as="h4"
      forwardedComponent={
        Object {
          "$$typeof": Symbol(react.forward_ref),
          "attrs": Array [],
          "componentStyle": ComponentStyle {
            "componentId": "sc-bwzfXH",
            "isStatic": false,
            "lastClassName": "c0",
            "rules": Array [
              "
  ",
              [Function],
              "
",
              "
  font-family: ",
              "Montserrat",
              ";
  color: ",
              [Function],
              ";
  font-size: 17px;
  line-height: 25px;
  font-weight: 600;

  ",
              "@media (max-width: 769px)",
              " {
    font-size: 15px;
    line-height: 21px;
  }
",
            ],
          },
          "displayName": "Styled(styled.div)",
          "foldedComponentIds": Array [
            "sc-bdVaJa",
          ],
          "render": [Function],
          "styledComponentId": "sc-bwzfXH",
          "target": "div",
          "toString": [Function],
          "warnTooManyClasses": [Function],
          "withComponent": [Function],
        }
      }
      forwardedRef={null}
    >
      <h4
        className="c0"
      >
        Primary
      </h4>
    </StyledComponent>
  </Styled(styled.div)>
</H4>
`;
